                      +------------+------------+                      
       +---+----+-----+............|............+---------------+      
       |... >>        |............|............|...............|      
       |... ,,,,,,,   |............|............|...............|      
       |... <<        |............|............|...............|      
       +-/------------+/-----------+-----------\+-------------/-+      
       |c......................................................c|      
       :c.....................................................cc:      
       |cccc....+------------------+------------------+....ccccc|      
+------+---+....|..................|..................|....+----+------+
|x........./....|..................|..................|....\..ccccc..tx|
:x.........#....|..................|..................|....#.ct....tctx:
|x.........|....|..................|..................|....|.c.c...tttx|
+----------+....|..................|..................|....+-----------+
|x.........|....|..................|..................|....|..........x|
:x.........#....|..................|..................|....#..........x:
|x.........\....|..................|..................|..../..........x|
+----------+....+------------------+-------------+----+....++----------+
|x........./....|..................|.............|..../.....\bb...ttttx|
:x.........#....|..................|.............|....\.....#.c....cc.x:
|x.........|....+------------------+--------+----+----+.....|tttt.ttttx|
+----------+....|..................|..ttttt.|.........|.....+----------+
|x.........|....|..................|.+......|.........|.....|rttttttttx|
:x.........#....|..................|.....tt.|.........|.....#..c...cc.x:
|x.........\....|..................|........|.........|...../bb...ttttx|
+----------+....|..................|.tt.....|.........|.....+----------+
|x.........|....|..................|......t.|.+-------+.....\..cttttt.x|
:x.........#....|..................|....+---+-+ ^^^^^ |.....#..t..c..cx:
|x.........|....|..................|.tt.| ^^^ | ^^^^^ |.....|.c..c...cx|
+----------+....|..................|....+-----+-------+.....+----------+
|x.c..ccc.c|....+------------------+--\-+...................|tttt...c.x|
:xctc....../................................................\.c...ttttx:
:xctc......#................................................/.c...ttttx:
|xf.ttttttt|....+------------------+----+...................|tttt..c..x|
+----------+....|..................|....+-------+-----+.....+----------+
|x.........|....|..................|............| ^^^ |.....|.........x|
:x.........#....|..................|............+-----+.....#.........x:
|x.........\....|..................|..................|...../.........x|
+----------+....|..................|..................|.....+----------+
|x........./....|..................|..................|.....\.........x|
:x.........#....|..................|..................|.....|.........x:
|x.........|....|..................|..................|.....#.........x|
+----------+....|..................|..................|.....+----------+
|x.........|....|..................|..................|.....|.........x|
:x.........#....|..................|..................|.....#.........x:
|x.........\....|..................|..................|...../.........x|
+----------+....|..................|..................|....+-----------+
|x........./....|..................|..................|....\..........x|
:x.........|....|..................|..................|....#..........x:
|x.........#....|..................|..................|....|..........x|
+----------+....|..................|..................|....+-----------+
|x.........|....|..................|..................|....|..........x|
:x.........#....|..................|..................|....#..........x:
|x.........\....|..................|..................|..../..........x|
+------+---+....|..................|..................|....+----+------+
       |cccc....+------------------+------------------+....ccccc|      
       :c.....................................................cc:      
       |c......................................................c|      
       +-\------------+-\----------+----------/-+-\+---------+\-+      
       |... >>        |............|............|..|x..|x|s.s|..|      
       |... ,,,,,,,   |............|............|..|...|/|......|      
       |... <<        |............|............|..|...\........|      
       +---+----+-----+............|............+--+------------+      
                      +------------+------------+                      