                      +------------+------------+                       
       +---+----+-----+............|............+---------------+       
       |....>> > >    |............|............|...............|       
       |...=,,,,,,    |............|............|...............|       
       |....<< < <    |............|............|...............|       
       +-/------------+/-----------+-----------\+-------------/-+       
       |b......................................................b|       
       :b.....................................................bb:       
       |bbbb....+------------------+------------------+....bbbbb|       
+------+---+....|..................|..................|....+----+------+
|h........./....|..................|..................|....\..CCCCC..dh|
:h.........p....|..................|..................|....p.ct....dcdh:
|h.........|....|..................|..................|....|.c.c...dddh|
+----------+....|..................|..................|....+-----------+
|h.........|....|..................|..................|....|[........dh|
:h.........p....|..................|..................|....p[.......cdh:
|h.........\....|..................|..................|..../.......dddh|
+----------+....+--------+---------+-------------+----+....p+----------+
|h........./....|........|d.....d|...............|ddd.l.....\.BB..ddddh|
:h.........p....|........|d.....d|...............|.cd.L.....p.c....cc.h:
|h.........|....+--------|d.....d+----------+----+----+b....|dddd.ddddh|
+----------+....|d..............d|...tttttt.|.........|b....+----------+
|h.........|....|d..............d|.x.....c..|.........|b....|Fddddddddh|
:h.........p....|d..............d|..c...ddd.|.........|.....p..c...cc.h:
|h.........\....|d;.............d|.ddd....c.|.........|...../.BB..ddddh|
+----------+....|d..............d|..c....c..|.........|b....+----------+
|h.........|....|d...tttttttt...d|...c...ct.|x+-------+b....L..cddddd.h|
:h.........p....|dc.............d|.ddd..+---+-+ ^^^^^ |b....p.t...c..Ch:
|h.........|....|d.....c...c....d|..c...| ^^^ | ^^^^^ |.....|c.c.....Ch|
+----------+....|.....ddddddddddd|......+-ggg-*-ggggg-+.....P----------+
|h.c..CCC.c|....+-/p---------------+-p\-+...................|dddd...c.h|
:hctc....../................................................\.c...ddddh:
:hctc......p................................................/.c...ddddh:
|h&.KKKSKKK|....+-\p-PPP----+-\p--------+...................|dddd..c..h|
+----------+....|...........|...........+-PPP---+-ggg-+.....+----------+
|hdddd.CCCC|....|...........|...........|xxxxxxx| ^^^ |.....|.........h|
:h.cc......p....|...........|...........|xxxxxxx+-----+b....p.....c...h:
|hdddddddd.\....|...........|...........+------++.YY..|b..../...ddddd.h|
+----------+....|...........|...........|......|R.....|b....+----------+
|h........./....|...........|...........|......|s.....p.....\...ddddd.h|
:h.........p....|...........|...........|......|R.....\.....p..c..c...h:
|h.........|....|...........|...........|......+------+b....|...ctc...h|
+----------+....|...........|...........|......|xxxxxx|b....+----------+
|h.........|....+--------+..+-----------+-\----+---/--+b....|.........h|
:h.........p....|..xxxxxx|.........\................../.....p.....c...h:
|h.........\....|..xxxxxx|.........|..................\...../...ddddd.h|
+----------+....+--------+---------|..................|....+-----------+
|h........./....|........\.........|..................|....\..........h|
:h.........|....|......../.........|..................|....p.c.tc...dch:
|h.........p....+--------+.........|..................|....|........ddh|
+----------+....|..................|..................|....+-----------+
|h.........|....|....|.............|..................|....|.c........h|
:h.........p....|....|.............|..................|....p.tc....c..h:
|h.........\....|....|.............|..................|..../.....dddddx|
+------+---+....|....|.............|..................|....+----+------+
       |bbbb....+-/\-+-------------+------------------+....bbbbb|       
       :b.....................................................bb:       
       |b......................................................b|       
       +-\------------+-\----------+----------/-+-\+--------!+\-+       
       |....>> > >    |............|............|..|T..|T|S.S|..|       
       |...=,,,,,,    |............|............|..|...|/|......|       
       |....<< < <    |............|............|..|...\........|       
       +---+----+-----+............|............+--+------------+       
                      +------------+------------+                       