                      +------------+------------+                      
       +---+----+-----+............|............+---------------+      
       |... >> > >    |............|............|...............|      
       |... ,,,,,,,   |............|............|...............|      
       |... << < <    |............|............|...............|      
       +-/------------+/-----------+-----------\+-------------/-+      
       |b......................................................b|      
       :b.....................................................bb:      
       |bbbb....+------------------+------------------+....bbbbb|      
+------+---+....|..................|..................|....+----+------+
|h........./....|..................|..................|....\..CCCCC..dh|
:h.........!....|..................|..................|....!.ct....dcdh:
|h.........|....|..................|..................|....|.c.c...dddh|
+----------+....|..................|..................|....+-----------+
|h.........|....|..................|..................|....|[........dh|
:h.........!....|..................|..................|....![.......cdh:
|h.........\....|..................|..................|..../.......dddh|
+----------+....+--------+---------+-------------+----+....++----------+
|h........./....|........|d.....d|...............|ddd./.....\.BB..ddddh|
:h.........!....|........|d.....d|...............|.cd.\.....!.c....cc.h:
|h.........|....+--------|d.....d+----------+----+----+"....|dddd.ddddh|
+----------+....|d..............d|...tttttt.|.........|"....+----------+
|h.........|....|d..............d|.x.....c..|.........|"....|Fddddddddh|
:h.........!....|d..............d|..c...ddd.|.........|.....!..c...cc.h:
|h.........\....|d;.............d|.ddd....c.|.........|...../.BB..ddddh|
+----------+....|d..............d|..c....c..|.........|"....+----------+
|h.........|....|d...tttttttt...d|...c...ct.|x+-------+"....\..cddddd.h|
:h.........!....|dc.............d|.ddd..+---+-+ ^^^^^ |"....!..t..c..Ch:
|h.........|....|d.....c...c....d|..c...| ^^^ | ^^^^^ |.....|.c..c...Ch|
+----------+....|.....ddddddddddd|......+-----*-------+.....+----------+
|h.c..CCC.c|....+-/!---------------+-!\-+...................|dddd...c.h|
:hctc....../................................................\.c...ddddh:
:hctc......!................................................/.c...ddddh:
|h&.KKKSKKK|....+-\!-!!!----+-\!--------+...................|dddd..c..h|
+----------+....|...........|...........+-!!!---+-----+.....+----------+
|hdddd.CCCC|....|...........|...........|xxxxxxx| ^^^ |.....|.........h|
:h.cc......!....|...........|...........|xxxxxxx+-----+"....!.....c...h:
|hdddddddd.\....|...........|...........+------++.YY..|"..../...ddddd.h|
+----------+....|...........|...........|......|R.....|"....+----------+
|h........./....|...........|...........|......|s.....!.....\...ddddd.h|
:h.........!....|...........|...........|......|R.....\.....!..c..c...h:
|h.........|....|...........|...........|......+------+"....|...ctc...h|
+----------+....|...........|...........|......|xxxxxx|"....+----------+
|h.........|....+--------+..+-----------+-\----+---/--+"....|.........h|
:h.........!....|..xxxxxx|.........\................../.....!.....c...h:
|h.........\....|..xxxxxx|.........|..................\...../...ddddd.h|
+----------+....+--------+---------|..................|....+-----------+
|h........./....|........\.........|..................|....\..........h|
:h.........|....|......../.........|..................|....!.c.tc...dch:
|h.........!....+--------+.........|..................|....|........ddh|
+----------+....|..................|..................|....+-----------+
|h.........|....|....|.............|..................|....|.c........h|
:h.........!....|....|.............|..................|....!.tc....c..h:
|h.........\....|....|.............|..................|..../.....dddddx|
+------+---+....|....|.............|..................|....+----+------+
       |bbbb....+-/\-+-------------+------------------+....bbbbb|      
       :b.....................................................bb:      
       |b......................................................b|      
       +-\------------+-\----------+----------/-+-\+--------!+\-+      
       |... >> > >    |............|............|..|T..|T|S.S|..|      
       |... ,,,,,,,   |............|............|..|...|/|......|      
       |... << < <    |............|............|..|...\........|      
       +---+----+-----+............|............+--+------------+      
                      +------------+------------+                      